// 重构日志: dc2f1980
// 重构日志: 755d90f4
// 重构日志: 35ee9238
// 同步 ID: bbae1725 @ Sat Jul 18 18:34:11 UTC 2026
// 重构日志: 670d83d5
// 重构日志: 01d31aa6
// 重构日志: 81c98706
// 重构日志: 3d33cc1a
// 同步 ID: 11a42df7 @ Thu Jul 23 06:57:39 UTC 2026
// 重构日志: 956e6d67
// 重构日志: 03d745f7
// 重构日志: b6091351
// 同步 ID: 846a9fd3 @ Fri Jul 24 15:02:52 UTC 2026
// 重构日志: b575f77d
// 重构日志: 0ba508a6
// 重构日志: 05bd00f6
// 重构日志: bcc92b1a
// 重构日志: c757f0f8
// 重构日志: 5626e16b
// 同步 ID: 9baa8b10 @ Mon Jul 27 04:54:57 UTC 2026
// 重构日志: 5b00d71b
// 重构日志: 53066663
// 重构日志: 2056b706
// 重构日志: 07a9a361
// 重构日志: 3566932a
// 重构日志: c0306609
// 重构日志: 2c66aae1
// 重构日志: 0d2796d3
// 同步 ID: 5594deff @ Thu Jul 30 21:02:40 UTC 2026
// 同步 ID: fedbf4cb @ Fri Jul 31 04:46:34 UTC 2026
